Traceback (most recent call last):
  File "/home/spencer/Workspace/macfax/backend/analyze_criteria.py", line 31, in <module>
    all_ratings = list(TeamSeasonRatings.all_objects.filter(
                       ^^^^^^^^^^^^^^^^^^^^^^^^^^^^^^^^^^^^^
  File "/home/spencer/Workspace/macfax/backend/.venv/lib/python3.12/site-packages/django/db/models/manager.py", line 87, in manager_method
    return getattr(self.get_queryset(), name)(*args, **kwargs)
           ^^^^^^^^^^^^^^^^^^^^^^^^^^^^^^^^^^^^^^^^^^^^^^^^^^^
  File "/home/spencer/Workspace/macfax/backend/.venv/lib/python3.12/site-packages/django/db/models/query.py", line 1476, in filter
    return self._filter_or_exclude(False, args, kwargs)
           ^^^^^^^^^^^^^^^^^^^^^^^^^^^^^^^^^^^^^^^^^^^^
  File "/home/spencer/Workspace/macfax/backend/.venv/lib/python3.12/site-packages/django/db/models/query.py", line 1494, in _filter_or_exclude
    clone._filter_or_exclude_inplace(negate, args, kwargs)
  File "/home/spencer/Workspace/macfax/backend/.venv/lib/python3.12/site-packages/django/db/models/query.py", line 1501, in _filter_or_exclude_inplace
    self._query.add_q(Q(*args, **kwargs))
  File "/home/spencer/Workspace/macfax/backend/.venv/lib/python3.12/site-packages/django/db/models/sql/query.py", line 1602, in add_q
    clause, _ = self._add_q(q_object, self.used_aliases)
                ^^^^^^^^^^^^^^^^^^^^^^^^^^^^^^^^^^^^^^^^
  File "/home/spencer/Workspace/macfax/backend/.venv/lib/python3.12/site-packages/django/db/models/sql/query.py", line 1634, in _add_q
    child_clause, needed_inner = self.build_filter(
                                 ^^^^^^^^^^^^^^^^^^
  File "/home/spencer/Workspace/macfax/backend/.venv/lib/python3.12/site-packages/django/db/models/sql/query.py", line 1484, in build_filter
    lookups, parts, reffed_expression = self.solve_lookup_type(arg, summarize)
                                        ^^^^^^^^^^^^^^^^^^^^^^^^^^^^^^^^^^^^^^
  File "/home/spencer/Workspace/macfax/backend/.venv/lib/python3.12/site-packages/django/db/models/sql/query.py", line 1296, in solve_lookup_type
    _, field, _, lookup_parts = self.names_to_path(lookup_splitted, self.get_meta())
                                ^^^^^^^^^^^^^^^^^^^^^^^^^^^^^^^^^^^^^^^^^^^^^^^^^^^^
  File "/home/spencer/Workspace/macfax/backend/.venv/lib/python3.12/site-packages/django/db/models/sql/query.py", line 1761, in names_to_path
    raise FieldError(
django.core.exceptions.FieldError: Cannot resolve keyword 'is_d1' into field. Choices are: adj_d, adj_drb_pct, adj_efg_margin, adj_efg_pct, adj_em, adj_ftr, adj_ftr_margin, adj_o, adj_opp_efg_pct, adj_opp_ftr, adj_opp_orb_pct, adj_opp_tov_pct, adj_orb_pct, adj_reb_edge, adj_tempo, adj_tov_edge, adj_tov_pct, ap_poll_week6, computed_at, d1_games_played, ffi_adj, ffi_raw, games_played, hca_estimate, id, is_pre_tournament, losses, net_rank, rank_adj_d, rank_adj_em, rank_adj_o, season, season_id, sor_rank, sos_rank, sos_win_pct, team, team_id, total_possessions, tournament_finish, tournament_region, tournament_seed, wab, wins
